Mono path[0] = 'D:/Build/Windows/Unity NativeToolkit_Data/Managed'
Mono config path = 'D:/Build/Windows/MonoBleedingEdge/etc'
CodeReloadManager initialized
Input System module state changed to: Initialized.
[Physics::Module] Initialized fallback backend.
[Physics::Module] Id: 0xdecafbad
Initialize engine version: 6000.4.2f1 (7a4c1aeef971)
[Subsystems] Discovering subsystems at path D:/Build/Windows/Unity NativeToolkit_Data/UnitySubsystems
[D3D12 Device Filter] Vendor Name: NVIDIA
[D3D12 Device Filter] Device Name: NVIDIA GeForce MX250
[D3D12 Device Filter] Driver Version: 32.0.15.8183
[D3D12 Device Filter] Feature Level: 12.1
[D3D12 Device Filter] Graphics Memory: 1968 MB
[D3D12 Device Filter] Processor Count: 8
[D3D12 Device Filter] Device Type: Discrete
[D3D12 Device Filter] D3D12 API denied by user filter: {"Graphics Memory Comparator": Less Than"Graphics Memory": "3600", "Device Type:": Do Not Care}
GfxDevice: creating device client; kGfxThreadingModeClientWorkerJobs
Direct3D:
    Version:  Direct3D 11.0 [level 11.1]
    Renderer: NVIDIA GeForce MX250 (ID=0x1d13)
    Vendor:   NVIDIA
    VRAM:     1968 MB
    Driver:   32.0.15.8183
Begin MonoManager ReloadAssembly
- Finished resetting the current domain, in  0.003 seconds
[Physics::Module] Selected backend.
[Physics::Module] Name: PhysX
[Physics::Module] Id: 0xf2b8ea05
[Physics::Module] SDK Version: 4.1.2
[Physics::Module] Integration Version: 1.0.0
[Physics::Module] Threading Mode: Multi-Threaded
<RI> Initializing input.
Using Windows.Gaming.Input
XInput1_3.dll not found. Trying XInput9_1_0.dll instead...
<RI> Input initialized.
UnloadTime: 14.338300 ms
[TopMenuExampleController][Start]
[TopMenuExampleController][InitializeUI]
[TopMenuExampleController][InitializeUI] Share feature is only supported on Android, iOS, and macOS. Hiding button.
[TopMenuExampleController][OnClipboardClicked]
[WindowsClipboardManagerExampleController][Awake] mainThreadId: 1
[WindowsClipboardManagerExampleController][OnEnable]
[WindowsClipboardManager] Creating new instance of WindowsClipboardManager
[WindowsClipboardManager][Awake]
[WindowsClipboardManagerExampleController][Start]
[WindowsClipboardManagerExampleController][InitializeUI]
[TopMenuExampleController][OnDestroy]
[WindowsClipboardManagerExampleController][OnInitializeClicked]
[WindowsClipboardManagerExampleController] issue call=#1 lifecycle.initialize
[WindowsClipboardManager][Initialize] enableChangeEvents: True, onResult: False
[WindowsClipboardManager][EnsureStaApartment] apartment: MainSta
[WindowsClipboardManagerExampleController] #1 [call] initClipboardManager OK code=None
[WindowsClipboardManagerExampleController] #2 [event] ClipboardOperationCompleted initClipboardManager OK code=None
[WindowsClipboardManagerExampleController][OnCanShutdownNowClicked]
[WindowsClipboardManagerExampleController] issue call=#3 lifecycle.canShutdownNow
[WindowsClipboardManager][CanShutdownNow] state: Running, onResult: False
[WindowsClipboardManagerExampleController] #3 [call] canDestroyClipboardManager OK code=None value=False
[WindowsClipboardManagerExampleController] #4 [event] FlagChecked canDestroyClipboardManager OK code=None value=False
[WindowsClipboardManagerExampleController][OnShutdownWhileDisabledClicked]
[WindowsClipboardManagerExampleController] issue call=#5 lifecycle.shutdownWhileDisabled
[WindowsClipboardManagerExampleController] #5 [accept] uninitClipboardManager awaited (no requestId)
[WindowsClipboardManager][ShutdownWithDrain] state: Running, onResult: True
[WindowsClipboardManager][ShutdownWithDrain] the manager is not active; draining in one attempt instead of across frames.
[WindowsClipboardManagerExampleController] #6 [event] ClipboardOperationCompleted uninitClipboardManager OK code=None
[WindowsClipboardManagerExampleController] #7 [done] uninitClipboardManager call=#5 OK code=None
[WindowsClipboardManagerExampleController][OnInitializeClicked]
[WindowsClipboardManagerExampleController] issue call=#8 lifecycle.initialize
[WindowsClipboardManager][Initialize] enableChangeEvents: True, onResult: False
[WindowsClipboardManager][EnsureStaApartment] apartment: MainSta
[WindowsClipboardManagerExampleController] #8 [call] initClipboardManager OK code=None
[WindowsClipboardManagerExampleController] #9 [event] ClipboardOperationCompleted initClipboardManager OK code=None
[WindowsClipboardManagerExampleController][OnRecoverDeferredStateClicked]
[WindowsClipboardManagerExampleController] issue call=#10 deferred.recover
[WindowsClipboardManager][RecoverDeferredState] onResult: False
[WindowsClipboardManagerExampleController] #10 [call] recoverDeferredState OK code=None successDoesNotMeanRecovered
[WindowsClipboardManagerExampleController] #11 [event] ClipboardOperationCompleted recoverDeferredState OK code=None
[WindowsClipboardManagerExampleController][OnReserveDeferredFormatsClicked]
[WindowsClipboardManagerExampleController] issue call=#12 deferred.reserve
[WindowsClipboardManager][ReserveDeferredFormats] count: 2, onResult: False
[WindowsClipboardManagerExampleController] #12 [call] reserveDeferredFormats OK code=None formats=2
[WindowsClipboardManagerExampleController] #13 [event] ClipboardOperationCompleted reserveDeferredFormats OK code=None
[WindowsClipboardManagerExampleController][OnRecoverDeferredStateClicked]
[WindowsClipboardManagerExampleController] issue call=#14 deferred.recover
[WindowsClipboardManager][RecoverDeferredState] onResult: False
[WindowsClipboardManagerExampleController] #14 [call] recoverDeferredState OK code=None successDoesNotMeanRecovered
[WindowsClipboardManagerExampleController] #15 [event] ClipboardOperationCompleted recoverDeferredState OK code=None
[WindowsClipboardManagerExampleController][OnPastePlainTextClicked]
[WindowsClipboardManagerExampleController] issue call=#16 paste.plainText
[WindowsClipboardManager][PastePlainText] onResult: False
[WindowsClipboardManagerExampleController] #16 [call] pastePlainText OK code=None empty=False length=33 match=match
[WindowsClipboardManagerExampleController] #17 [event] TextReadCompleted pastePlainText OK code=None empty=False
[WindowsClipboardManagerExampleController][OnErrCopyPlainTextNullClicked]
[WindowsClipboardManagerExampleController] issue call=#18 error.copyPlainText.null
[WindowsClipboardManager][CopyPlainText] length: -1, options: None, onResult: False
[WindowsClipboardManagerExampleController] #18 [call] copyPlainText NG code=InvalidArgument msg=copyPlainText received an invalid argument: text was null
[WindowsClipboardManagerExampleController] #19 [event] ClipboardOperationCompleted copyPlainText NG code=InvalidArgument
[WindowsClipboardManagerExampleController][OnErrCopyFilesEmptyClicked]
[WindowsClipboardManagerExampleController] issue call=#20 error.copyFiles.empty
[WindowsClipboardManager][CopyFiles] count: 0, options: None, onResult: False
[WindowsClipboardManagerExampleController] #20 [call] copyFiles NG code=InvalidArgument msg=copyFiles received an invalid argument: paths was null or empty
[WindowsClipboardManagerExampleController] #21 [event] ClipboardOperationCompleted copyFiles NG code=InvalidArgument
[WindowsClipboardManagerExampleController][OnErrCopyCustomFormatBlankNameClicked]
[WindowsClipboardManagerExampleController] issue call=#22 error.copyCustomFormat.blankName
[WindowsClipboardManager][CopyCustomFormat] format:    , size: 29, options: None, onResult: False
[WindowsClipboardManagerExampleController] #22 [call] copyCustomFormat NG code=InvalidArgument msg=copyCustomFormat received an invalid argument: formatName was null or blank
[WindowsClipboardManagerExampleController] #23 [event] ClipboardOperationCompleted copyCustomFormat NG code=InvalidArgument
[WindowsClipboardManagerExampleController][OnErrCopyMultipleFormatsEmptyClicked]
[WindowsClipboardManagerExampleController] issue call=#24 error.copyMultipleFormats.empty
[WindowsClipboardManager][CopyMultipleFormats] count: 0, options: None, onResult: False
[WindowsClipboardManagerExampleController] #24 [call] copyMultipleFormats NG code=InvalidArgument msg=copyMultipleFormats received an invalid argument: items was null or empty
[WindowsClipboardManagerExampleController] #25 [event] ClipboardOperationCompleted copyMultipleFormats NG code=InvalidArgument
[WindowsClipboardManagerExampleController][OnErrRestoreBlankIdClicked]
[WindowsClipboardManagerExampleController] issue call=#26 error.restore.blankId
[WindowsClipboardManager][RestoreHistoryItem] onResult: True
[WindowsClipboardManagerExampleController] #26 [accept] restoreHistoryItem requestId=0 (rejected; the outcome arrives on the callback)
[WindowsClipboardManagerExampleController] #27 [event] ClipboardOperationCompleted restoreHistoryItem NG code=InvalidArgument
[WindowsClipboardManagerExampleController] #28 [done] restoreHistoryItem call=#26 NG code=InvalidArgument msg=restoreHistoryItem received an invalid argument: itemId was null or blank
[WindowsClipboardManagerExampleController][OnErrRestoreUnknownIdClicked]
[WindowsClipboardManagerExampleController] issue call=#29 error.restore.unknownId
[WindowsClipboardManager][RestoreHistoryItem] onResult: True
[WindowsClipboardManagerExampleController] #29 [accept] restoreHistoryItem requestId=1
[WindowsClipboardManagerExampleController] #30 [event] ClipboardOperationCompleted restoreHistoryItem NG code=ItemDeleted
[WindowsClipboardManagerExampleController] #31 [done] restoreHistoryItem call=#29 NG code=ItemDeleted msg=History item was already deleted
[WindowsClipboardManagerExampleController][OnErrCancelUnknownIdClicked]
[WindowsClipboardManagerExampleController] issue call=#32 error.cancel.unknownId
[WindowsClipboardManager][CancelRequest] requestId: 4294967295, onResult: False
[WindowsClipboardManagerExampleController] #32 [call] cancelClipboardRequest NG code=InvalidParameter msg=Invalid parameter targetRequestId=uint.MaxValue
[WindowsClipboardManagerExampleController] #33 [event] ClipboardOperationCompleted cancelClipboardRequest NG code=InvalidParameter
[WindowsClipboardManagerExampleController][OnErrCopyAfterShutdownClicked]
[WindowsClipboardManagerExampleController] issue call=#34 error.afterShutdown.shutdown
[WindowsClipboardManager][TryShutdown] state: Running
[WindowsClipboardManagerExampleController] #34 [call] uninitClipboardManager OK code=None completed=True
[WindowsClipboardManagerExampleController] issue call=#35 error.afterShutdown.copy
[WindowsClipboardManager][CopyPlainText] length: 33, options: None, onResult: False
[WindowsClipboardManager][CanRunOperation] copyPlainText rejected: NotInitializedByHost
[WindowsClipboardManagerExampleController] #35 [call] copyPlainText NG code=NotInitializedByHost msg=copyPlainText requires Initialize to succeed first.
[WindowsClipboardManagerExampleController] #36 [event] ClipboardOperationCompleted copyPlainText NG code=NotInitializedByHost
[WindowsClipboardManagerExampleController][OnInitializeClicked]
[WindowsClipboardManagerExampleController] issue call=#37 lifecycle.initialize
[WindowsClipboardManager][Initialize] enableChangeEvents: True, onResult: False
[WindowsClipboardManager][EnsureStaApartment] apartment: MainSta
[WindowsClipboardManagerExampleController] #37 [call] initClipboardManager OK code=None
[WindowsClipboardManagerExampleController] #38 [event] ClipboardOperationCompleted initClipboardManager OK code=None
[WindowsClipboardManagerExampleController][OnForceInitializeWhileDrainingClicked]
[WindowsClipboardManagerExampleController] issue call=#39 lifecycle.forceInit.drain
[WindowsClipboardManagerExampleController] #39 [accept] uninitClipboardManager awaited (no requestId)
[WindowsClipboardManager][ShutdownWithDrain] state: Running, onResult: True
[WindowsClipboardManagerExampleController] #40 [event] ClipboardOperationCompleted uninitClipboardManager OK code=None
[WindowsClipboardManagerExampleController] #41 [done] uninitClipboardManager call=#39 OK code=None
[WindowsClipboardManagerExampleController] issue call=#42 lifecycle.forceInit.initialize
[WindowsClipboardManager][Initialize] enableChangeEvents: True, onResult: False
[WindowsClipboardManager][EnsureStaApartment] apartment: MainSta
[WindowsClipboardManagerExampleController] #42 [call] initClipboardManager OK code=None expected ShuttingDown while the drain runs
[WindowsClipboardManagerExampleController] #43 [event] ClipboardOperationCompleted initClipboardManager OK code=None
[WindowsClipboardManagerExampleController] #44 [event] ClipboardChanged total=1
[WindowsClipboardManagerExampleController][OnInitializeClicked]
[WindowsClipboardManagerExampleController] issue call=#45 lifecycle.initialize
[WindowsClipboardManager][Initialize] enableChangeEvents: True, onResult: False
[WindowsClipboardManagerExampleController] #45 [call] initClipboardManager OK code=None
[WindowsClipboardManagerExampleController] #46 [event] ClipboardOperationCompleted initClipboardManager OK code=None
[WindowsClipboardManagerExampleController][OnCopyFromWorkerThreadClicked]
[WindowsClipboardManagerExampleController] issue call=#47 threading.copy
[WindowsClipboardManagerExampleController] #47 [accept] copyPlainText awaited (no requestId)
[WindowsClipboardManager][CopyPlainText] length: 33, options: None, onResult: True
[WindowsClipboardManager][CanRunOperation] copyPlainText rejected: MainThreadRequired
[WindowsClipboardManagerExampleController] #48 [event] ClipboardOperationCompleted copyPlainText NG code=MainThreadRequired
[WindowsClipboardManagerExampleController] #49 [done] copyPlainText call=#47 NG code=MainThreadRequired msg=copyPlainText must be called from the Unity main thread. callbackOnMainThread=True
[WindowsClipboardManagerExampleController][OnGetHistoryFromWorkerThreadClicked]
[WindowsClipboardManagerExampleController] issue call=#50 threading.getHistory
[WindowsClipboardManagerExampleController] #50 [accept] getClipboardHistory awaited (no requestId)
[WindowsClipboardManager][GetHistory] onResult: True
[WindowsClipboardManager][CanRunOperation] getClipboardHistory rejected: MainThreadRequired
[WindowsClipboardManagerExampleController] #51 [event] HistoryReadCompleted getClipboardHistory NG code=MainThreadRequired count=0
[WindowsClipboardManagerExampleController] #52 [done] getClipboardHistory call=#50 NG code=MainThreadRequired msg=getClipboardHistory must be called from the Unity main thread. callbackOnMainThread=True
[WindowsClipboardManagerExampleController][OnCopyPlainTextEmptyClicked]
[WindowsClipboardManagerExampleController] issue call=#53 copy.plainText.empty
[WindowsClipboardManager][CopyPlainText] length: 0, options: None, onResult: False
[WindowsClipboardManagerExampleController] #53 [call] copyPlainText OK code=None length=0
[WindowsClipboardManagerExampleController] #54 [event] ClipboardOperationCompleted copyPlainText OK code=None
[WindowsClipboardManagerExampleController][OnPasteHtmlTextOnlyClicked]
[WindowsClipboardManagerExampleController] issue call=#55 paste.htmlTextOnly.copy
[WindowsClipboardManager][CopyHtml] htmlLength: 31, hasPlainText: False, options: None, onResult: False
[WindowsClipboardManagerExampleController] #55 [call] copyHtml OK code=None plainText=null
[WindowsClipboardManagerExampleController] issue call=#56 paste.htmlTextOnly.paste
[WindowsClipboardManager][PasteHtml] onResult: False
[WindowsClipboardManagerExampleController] #56 [call] pasteHtml OK code=None empty=False length=31 match=match
[WindowsClipboardManagerExampleController] #57 [event] ClipboardOperationCompleted copyHtml OK code=None
[WindowsClipboardManagerExampleController] #58 [event] TextReadCompleted pasteHtml OK code=None empty=False
[WindowsClipboardManagerExampleController][OnCancelLastClicked]
[WindowsClipboardManagerExampleController] issue call=#59 history.cancelLast
[WindowsClipboardManager][CancelRequest] requestId: 1, onResult: False
[WindowsClipboardManagerExampleController] #59 [call] cancelClipboardRequest NG code=InvalidParameter msg=Invalid parameter targetRequestId=1
[WindowsClipboardManagerExampleController] #60 [event] ClipboardOperationCompleted cancelClipboardRequest NG code=InvalidParameter
[WindowsClipboardManagerExampleController][OnClearUnpinnedClicked]
[WindowsClipboardManagerExampleController] issue call=#61 history.clearUnpinned
[WindowsClipboardManager][ClearUnpinnedHistory] onResult: True
[WindowsClipboardManagerExampleController] #61 [accept] clearUnpinnedHistory requestId=1
[WindowsClipboardManagerExampleController] #62 [event] ClipboardOperationCompleted clearUnpinnedHistory OK code=None
[WindowsClipboardManagerExampleController] #63 [done] clearUnpinnedHistory call=#61 OK code=None
[WindowsClipboardManagerExampleController] #64 [event] ClipboardChanged total=2
[WindowsClipboardManagerExampleController][OnPastePlainTextAfterClearClicked]
[WindowsClipboardManagerExampleController] issue call=#65 paste.afterClear.clear
[WindowsClipboardManager][Clear] onResult: False
[WindowsClipboardManagerExampleController] #65 [call] clearClipboard OK code=None
[WindowsClipboardManagerExampleController] issue call=#66 paste.afterClear.paste
[WindowsClipboardManager][PastePlainText] onResult: False
[WindowsClipboardManagerExampleController] #66 [call] pastePlainText OK code=None empty=True length=-1 match=n/a
[WindowsClipboardManagerExampleController] #67 [event] ClipboardOperationCompleted clearClipboard OK code=None
[WindowsClipboardManagerExampleController] #68 [event] TextReadCompleted pastePlainText OK code=None empty=True
[WindowsClipboardManagerExampleController][OnDeleteTempFilesClicked]
[WindowsClipboardManagerExampleController] issue call=#69 fixtures.deleteTempFiles
[WindowsClipboardSampleFixtures][DeleteTempFiles]
[WindowsClipboardManagerExampleController] #69 [local] fixtures.deleteTempFiles removed=2
[WindowsClipboardManagerExampleController][OnRequestAndImmediateShutdownClicked]
[WindowsClipboardManagerExampleController] issue call=#70 history.requestThenShutdown.request
[WindowsClipboardManager][GetHistory] onResult: True
[WindowsClipboardManagerExampleController] #70 [accept] getClipboardHistory requestId=2
[WindowsClipboardManagerExampleController] issue call=#71 history.requestThenShutdown.shutdown
[WindowsClipboardManagerExampleController] #71 [accept] uninitClipboardManager awaited (no requestId)
[WindowsClipboardManager][ShutdownWithDrain] state: Running, onResult: True
[WindowsClipboardManager][DrainRequestRegistry] draining 1 request(s)
[WindowsClipboardManagerExampleController] #72 [event] HistoryReadCompleted getClipboardHistory NG code=Canceled count=0
[WindowsClipboardManagerExampleController] #73 [done] getClipboardHistory call=#70 NG code=Canceled msg=Request was canceled empty=False count=0 newestAgeSec=n/a newestMatch=n/a
[WindowsClipboardManager][AdvanceDrain] attempt 1 not finished yet: Canceled
[WindowsClipboardManager][OnRequestCompletedNative] unknown request id 2
[WindowsClipboardManagerExampleController] #74 [event] ClipboardOperationCompleted uninitClipboardManager OK code=None
[WindowsClipboardManagerExampleController] #75 [done] uninitClipboardManager call=#71 OK code=None
[WindowsClipboardManagerExampleController][OnInitializeClicked]
[WindowsClipboardManagerExampleController] issue call=#76 lifecycle.initialize
[WindowsClipboardManager][Initialize] enableChangeEvents: True, onResult: False
[WindowsClipboardManager][EnsureStaApartment] apartment: MainSta
[WindowsClipboardManagerExampleController] #76 [call] initClipboardManager OK code=None
[WindowsClipboardManagerExampleController] #77 [event] ClipboardOperationCompleted initClipboardManager OK code=None
[WindowsClipboardManagerExampleController][OnTryShutdownClicked]
[WindowsClipboardManagerExampleController] issue call=#78 lifecycle.tryShutdown
[WindowsClipboardManager][TryShutdown] state: Running
[WindowsClipboardManagerExampleController] #78 [call] uninitClipboardManager OK code=None completed=True
[WindowsClipboardManagerExampleController][OnInitializeClicked]
[WindowsClipboardManagerExampleController] issue call=#79 lifecycle.initialize
[WindowsClipboardManager][Initialize] enableChangeEvents: True, onResult: False
[WindowsClipboardManager][EnsureStaApartment] apartment: MainSta
[WindowsClipboardManagerExampleController] #79 [call] initClipboardManager OK code=None
[WindowsClipboardManagerExampleController] #80 [event] ClipboardOperationCompleted initClipboardManager OK code=None
[WindowsClipboardManagerExampleController][OnShutdownWithDrainClicked]
[WindowsClipboardManagerExampleController] issue call=#81 lifecycle.shutdownWithDrain
[WindowsClipboardManagerExampleController] #81 [accept] uninitClipboardManager awaited (no requestId)
[WindowsClipboardManager][ShutdownWithDrain] state: Running, onResult: True
[WindowsClipboardManagerExampleController] #82 [event] ClipboardOperationCompleted uninitClipboardManager OK code=None
[WindowsClipboardManagerExampleController] #83 [done] uninitClipboardManager call=#81 OK code=None
[WindowsClipboardManagerExampleController][OnHomeClicked]
[WindowsClipboardManagerExampleController][OnDisable]
[TopMenuExampleController][Start]
[TopMenuExampleController][InitializeUI]
[TopMenuExampleController][InitializeUI] Share feature is only supported on Android, iOS, and macOS. Hiding button.
[WindowsClipboardManagerExampleController][OnDestroy]
[TopMenuExampleController][OnClipboardClicked]
[WindowsClipboardManagerExampleController][Awake] mainThreadId: 1
[WindowsClipboardManagerExampleController][OnEnable]
[WindowsClipboardManagerExampleController][Start]
[WindowsClipboardManagerExampleController][InitializeUI]
[TopMenuExampleController][OnDestroy]
[WindowsClipboardManagerExampleController][OnResetEventCountersClicked]
[WindowsClipboardManagerExampleController][OnHomeClicked]
[WindowsClipboardManagerExampleController][OnDisable]
[TopMenuExampleController][Start]
[TopMenuExampleController][InitializeUI]
[TopMenuExampleController][InitializeUI] Share feature is only supported on Android, iOS, and macOS. Hiding button.
[WindowsClipboardManagerExampleController][OnDestroy]
[TopMenuExampleController][OnClipboardClicked]
[WindowsClipboardManagerExampleController][Awake] mainThreadId: 1
[WindowsClipboardManagerExampleController][OnEnable]
[WindowsClipboardManagerExampleController][Start]
[WindowsClipboardManagerExampleController][InitializeUI]
[TopMenuExampleController][OnDestroy]
[WindowsClipboardManagerExampleController][OnInitializeClicked]
[WindowsClipboardManagerExampleController] issue call=#1 lifecycle.initialize
[WindowsClipboardManager][Initialize] enableChangeEvents: True, onResult: False
[WindowsClipboardManager][EnsureStaApartment] apartment: MainSta
[WindowsClipboardManagerExampleController] #1 [call] initClipboardManager OK code=None
[WindowsClipboardManagerExampleController] #2 [event] ClipboardOperationCompleted initClipboardManager OK code=None
[WindowsClipboardManagerExampleController][OnResetEventCountersClicked]
[WindowsClipboardManagerExampleController] #3 [event] ClipboardChanged total=1
[WindowsClipboardManagerExampleController] #4 [event] ClipboardChanged total=2
